11:31:15 **** Incremental Build of configuration Debug for project 20240422_LedBlink ****
make -j16 all 
arm-none-eabi-gcc "../Core/Src/main.c" -mcpu=cortex-m4 -std=gnu11 -g3 -DDEBUG -DUSE_HAL_DRIVER -DSTM32F411xE -c -I../Core/Inc -I../Drivers/STM32F4xx_HAL_Driver/Inc -I../Drivers/STM32F4xx_HAL_Driver/Inc/Legacy -I../Drivers/CMSIS/Device/ST/STM32F4xx/Include -I../Drivers/CMSIS/Include -O0 -ffunction-sections -fdata-sections -Wall -fstack-usage -fcyclomatic-complexity -MMD -MP -MF"Core/Src/main.d" -MT"Core/Src/main.o" --specs=nano.specs -mfpu=fpv4-sp-d16 -mfloat-abi=hard -mthumb -o "Core/Src/main.o"
../Core/Src/main.c:64:10: warning: "/*" within comment [-Wcomment]
   64 |         //*GPIOA_MODER &= ~(1 << 11); // GPIOA_MODER 5 (01 : General Purpose Output)
      |           
../Core/Src/main.c:65:10: warning: "/*" within comment [-Wcomment]
   65 |         //*GPIOA_MODER |= (1 << 10); // GPIOA_MODER 5 (01 : General Purpose Output)
      |           
../Core/Src/main.c:68:10: warning: "/*" within comment [-Wcomment]
   68 |         //*GPIOA_OTYPER &= ~(1 << 5); // GPIOA_5 push-pull
      |           
../Core/Src/main.c:70:10: warning: "/*" within comment [-Wcomment]
   70 |         //*GPIOA_OSPEEDR &= ~(1 << 11 | 1 << 10); // output speed : LOW
      |           
../Core/Src/main.c: In function 'sys_init':
../Core/Src/main.c:85:9: warning: implicit declaration of function 'gpio_init' [-Wimplicit-function-declaration]
   85 |         gpio_init();
      |         ^~~~~~~~~
../Core/Src/main.c: In function 'button_getState':
../Core/Src/main.c:105:13: warning: implicit declaration of function 'GPIO_read' [-Wimplicit-function-declaration]
  105 |         if (GPIO_read(GPIOC, 10) == 0) {
      |             ^~~~~~~~~
../Core/Src/main.c: In function 'led_excute':
../Core/Src/main.c:118:17: warning: implicit declaration of function 'GPIO_write' [-Wimplicit-function-declaration]
  118 |                 GPIO_write(GPIOC, 6, RESET);
      |                 ^~~~~~~~~~
arm-none-eabi-gcc -o "20240422_LedBlink.elf" @"objects.list"   -mcpu=cortex-m4 -T"D:\github\20240422_LedBlink\STM32F411RETX_FLASH.ld" --specs=nosys.specs -Wl,-Map="20240422_LedBlink.map" -Wl,--gc-sections -static --specs=nano.specs -mfpu=fpv4-sp-d16 -mfloat-abi=hard -mthumb -Wl,--start-group -lc -lm -Wl,--end-group
Finished building target: 20240422_LedBlink.elf
 
arm-none-eabi-size  20240422_LedBlink.elf 
arm-none-eabi-objdump -h -S 20240422_LedBlink.elf  > "20240422_LedBlink.list"
   text	   data	    bss	    dec	    hex	filename
   1480	      4	   1572	   3056	    bf0	20240422_LedBlink.elf
Finished building: default.size.stdout
 
Finished building: 20240422_LedBlink.list
 

11:31:16 Build Finished. 0 errors, 7 warnings. (took 387ms)

