11:31:36 **** Incremental Build of configuration Debug for project 20240425_US ****
make -j16 all 
arm-none-eabi-gcc "../Core/ap/apMain.c" -mcpu=cortex-m4 -std=gnu11 -g3 -DDEBUG -DUSE_HAL_DRIVER -DSTM32F411xE -c -I../Core/Inc -I../Drivers/STM32F4xx_HAL_Driver/Inc -I../Drivers/STM32F4xx_HAL_Driver/Inc/Legacy -I../Drivers/CMSIS/Device/ST/STM32F4xx/Include -I../Drivers/CMSIS/Include -O0 -ffunction-sections -fdata-sections -Wall -fstack-usage -fcyclomatic-complexity -MMD -MP -MF"Core/ap/apMain.d" -MT"Core/ap/apMain.o" --specs=nano.specs -mfpu=fpv4-sp-d16 -mfloat-abi=hard -mthumb -o "Core/ap/apMain.o"
arm-none-eabi-gcc "../Core/Src/main.c" -mcpu=cortex-m4 -std=gnu11 -g3 -DDEBUG -DUSE_HAL_DRIVER -DSTM32F411xE -c -I../Core/Inc -I../Drivers/STM32F4xx_HAL_Driver/Inc -I../Drivers/STM32F4xx_HAL_Driver/Inc/Legacy -I../Drivers/CMSIS/Device/ST/STM32F4xx/Include -I../Drivers/CMSIS/Include -O0 -ffunction-sections -fdata-sections -Wall -fstack-usage -fcyclomatic-complexity -MMD -MP -MF"Core/Src/main.d" -MT"Core/Src/main.o" --specs=nano.specs -mfpu=fpv4-sp-d16 -mfloat-abi=hard -mthumb -o "Core/Src/main.o"
arm-none-eabi-gcc -o "20240425_US.elf" @"objects.list"   -mcpu=cortex-m4 -T"C:\Users\kccistc\STM32CubeIDE\workspace_1.15.0\20240425_US\STM32F411RETX_FLASH.ld" --specs=nosys.specs -Wl,-Map="20240425_US.map" -Wl,--gc-sections -static --specs=nano.specs -mfpu=fpv4-sp-d16 -mfloat-abi=hard -mthumb -Wl,--start-group -lc -lm -Wl,--end-group
Finished building target: 20240425_US.elf
 
arm-none-eabi-size  20240425_US.elf 
arm-none-eabi-objdump -h -S 20240425_US.elf  > "20240425_US.list"
   text	   data	    bss	    dec	    hex	filename
  19588	     92	   2324	  22004	   55f4	20240425_US.elf
Finished building: default.size.stdout
 
Finished building: 20240425_US.list
 

11:31:36 Build Finished. 0 errors, 0 warnings. (took 484ms)

